GGUF opened: arch=phi3 tensors=195
Model: H=3072 L=32 NH=32 NKV=32 HD=96 IM=8192 V=3072
  tensor token_embd.weight: 32064x3072 tiled=61562880
  tensor blk.0.ffn_down.weight: 3072x8192 tiled=15728640
  tensor blk.0.ffn_up.weight: 16384x3072 tiled=31457280
  Total tensors: 130, data size: 2277.4 MB
Quantizing 130 tensors...
  [1/130] token_embd.weight... 98500608 elements at offset 737792
got 98500608 floats, tiling...
  tiles: 1002x12 fout=0x5aac9d4011b0
  token_embd.weight                                  32064x3072 -> 60120 KB
  [2/130] blk.0.ffn_down.weight... 25165824 elements at offset 56156672
got 25165824 floats, tiling...
  tiles: 96x32 fout=0x5aac9d4011b0
  blk.0.ffn_down.weight                              3072x8192 -> 15360 KB
  [3/130] blk.0.ffn_up.weight... 50331648 elements at offset 76800512
got 50331648 floats, tiling...
  tiles: 512x12 fout=0x5aac9d4011b0
  blk.0.ffn_up.weight                                16384x3072 -> 30720 KB
  [4/130] blk.0.attn_output.weight... 9437184 elements at offset 105124352
got 9437184 floats, tiling...
  tiles: 96x12 fout=0x5aac9d4011b0
  blk.0.attn_output.weight                           3072x3072 -> 5760 KB
  [5/130] blk.0.attn_qkv.weight... 28311552 elements at offset 110432768
got 28311552 floats, tiling...
  tiles: 288x12 fout=0x5aac9d4011b0
  blk.0.attn_qkv.weight                              9216x3072 -> 17280 KB
  [6/130] blk.1.ffn_down.weight... 25165824 elements at offset 129909248
got 25165824 floats, tiling...
  tiles: 96x32 fout=0x5aac9d4011b0
  blk.1.ffn_down.weight                              3072x8192 -> 15360 KB
  [7/130] blk.1.ffn_up.weight... 50331648 elements at offset 150553088
got 50331648 floats, tiling...
  tiles: 512x12 fout=0x5aac9d4011b0
  blk.1.ffn_up.weight                                16384x3072 -> 30720 KB
  [8/130] blk.1.attn_output.weight... 9437184 elements at offset 178876928
got 9437184 floats, tiling...
  tiles: 96x12 fout=0x5aac9d4011b0
  blk.1.attn_output.weight                           3072x3072 -> 5760 KB
  [9/130] blk.1.attn_qkv.weight... 28311552 elements at offset 184185344
got 28311552 floats, tiling...
  tiles: 288x12 fout=0x5aac9d4011b0
  blk.1.attn_qkv.weight                              9216x3072 -> 17280 KB
  [10/130] blk.10.ffn_down.weight... 25165824 elements at offset 203661824
got 25165824 floats, tiling...
  tiles: 96x32 fout=0x5aac9d4011b0
  blk.10.ffn_down.weight                             3072x8192 -> 15360 KB
  [11/130] blk.10.ffn_up.weight... 50331648 elements at offset 224305664
got 50331648 floats, tiling...
  tiles: 512x12 fout=0x5aac9d4011b0
  blk.10.ffn_up.weight                               16384x3072 -> 30720 KB
  [12/130] blk.10.attn_output.weight... 9437184 elements at offset 252629504
got 9437184 floats, tiling...
  tiles: 96x12 fout=0x5aac9d4011b0
  blk.10.attn_output.weight                          3072x3072 -> 5760 KB
  [13/130] blk.10.attn_qkv.weight... 28311552 elements at offset 257937920
got 28311552 floats, tiling...
  tiles: 288x12 fout=0x5aac9d4011b0
  blk.10.attn_qkv.weight                             9216x3072 -> 17280 KB
  [14/130] blk.11.ffn_down.weight... 25165824 elements at offset 277414400
got 25165824 floats, tiling...
  tiles: 96x32 fout=0x5aac9d4011b0
  blk.11.ffn_down.weight                             3072x8192 -> 15360 KB
  [15/130] blk.11.ffn_up.weight... 50331648 elements at offset 298058240
got 50331648 floats, tiling...
  tiles: 512x12 fout=0x5aac9d4011b0
  blk.11.ffn_up.weight                               16384x3072 -> 30720 KB
  [16/130] blk.11.attn_output.weight... 9437184 elements at offset 326382080
got 9437184 floats, tiling...
  tiles: 96x12 fout=0x5aac9d4011b0
  blk.11.attn_output.weight                          3072x3072 -> 5760 KB
  [17/130] blk.11.attn_qkv.weight... 28311552 elements at offset 331690496
got 28311552 floats, tiling...
  tiles: 288x12 fout=0x5aac9d4011b0
  blk.11.attn_qkv.weight                             9216x3072 -> 17280 KB
  [18/130] blk.12.ffn_down.weight... 25165824 elements at offset 351166976
got 25165824 floats, tiling...
  tiles: 96x32 fout=0x5aac9d4011b0
  blk.12.ffn_down.weight                             3072x8192 -> 15360 KB
  [19/130] blk.12.ffn_up.weight... 50331648 elements at offset 365322752
got 50331648 floats, tiling...
  tiles: 512x12 fout=0x5aac9d4011b0
  blk.12.ffn_up.weight                               16384x3072 -> 30720 KB
  [20/130] blk.12.attn_output.weight... 9437184 elements at offset 393646592
got 9437184 floats, tiling...
  tiles: 96x12 fout=0x5aac9d4011b0
  blk.12.attn_output.weight                          3072x3072 -> 5760 KB
  [21/130] blk.12.attn_qkv.weight... 28311552 elements at offset 398955008
got 28311552 floats, tiling...
  tiles: 288x12 fout=0x5aac9d4011b0
  blk.12.attn_qkv.weight                             9216x3072 -> 17280 KB
  [22/130] blk.13.ffn_down.weight... 25165824 elements at offset 418431488
got 25165824 floats, tiling...
  tiles: 96x32 fout=0x5aac9d4011b0
  blk.13.ffn_down.weight                             3072x8192 -> 15360 KB
  [23/130] blk.13.ffn_up.weight... 50331648 elements at offset 432587264
got 50331648 floats, tiling...
  tiles: 512x12 fout=0x5aac9d4011b0
  blk.13.ffn_up.weight                               16384x3072 -> 30720 KB
  [24/130] blk.13.attn_output.weight... 9437184 elements at offset 460911104
got 9437184 floats, tiling...
  tiles: 96x12 fout=0x5aac9d4011b0
  blk.13.attn_output.weight                          3072x3072 -> 5760 KB
  [25/130] blk.13.attn_qkv.weight... 28311552 elements at offset 466219520
got 28311552 floats, tiling...
  tiles: 288x12 fout=0x5aac9d4011b0
  blk.13.attn_qkv.weight                             9216x3072 -> 17280 KB
  [26/130] blk.14.ffn_down.weight... 25165824 elements at offset 485696000
got 25165824 floats, tiling...
  tiles: 96x32 fout=0x5aac9d4011b0
  blk.14.ffn_down.weight                             3072x8192 -> 15360 KB
  [27/130] blk.14.ffn_up.weight... 50331648 elements at offset 506339840
got 50331648 floats, tiling...
  tiles: 512x12 fout=0x5aac9d4011b0
  blk.14.ffn_up.weight                               16384x3072 -> 30720 KB
  [28/130] blk.14.attn_output.weight... 9437184 elements at offset 534663680
got 9437184 floats, tiling...
  tiles: 96x12 fout=0x5aac9d4011b0
  blk.14.attn_output.weight                          3072x3072 -> 5760 KB
  [29/130] blk.14.attn_qkv.weight... 28311552 elements at offset 539972096
got 28311552 floats, tiling...
  tiles: 288x12 fout=0x5aac9d4011b0
  blk.14.attn_qkv.weight                             9216x3072 -> 17280 KB
  [30/130] blk.15.ffn_down.weight... 25165824 elements at offset 559448576
got 25165824 floats, tiling...
  tiles: 96x32 fout=0x5aac9d4011b0
  blk.15.ffn_down.weight                             3072x8192 -> 15360 KB
  [31/130] blk.15.ffn_up.weight... 50331648 elements at offset 573604352
got 50331648 floats, tiling...
  tiles: 512x12 fout=0x5aac9d4011b0
  blk.15.ffn_up.weight                               16384x3072 -> 30720 KB
  [32/130] blk.15.attn_output.weight... 9437184 elements at offset 601928192
got 9437184 floats, tiling...
  tiles: 96x12 fout=0x5aac9d4011b0
  blk.15.attn_output.weight                          3072x3072 -> 5760 KB
  [33/130] blk.15.attn_qkv.weight... 28311552 elements at offset 607236608
got 28311552 floats, tiling...
  tiles: 288x12 fout=0x5aac9d4011b0
  blk.15.attn_qkv.weight                             9216x3072 -> 17280 KB
  [34/130] blk.16.ffn_down.weight... 25165824 elements at offset 626713088
got 25165824 floats, tiling...
  tiles: 96x32 fout=0x5aac9d4011b0
  blk.16.ffn_down.weight                             3072x8192 -> 15360 KB
  [35/130] blk.16.ffn_up.weight... 50331648 elements at offset 640868864
got 50331648 floats, tiling...
  tiles: 512x12 fout=0x5aac9d4011b0
  blk.16.ffn_up.weight                               16384x3072 -> 30720 KB
  [36/130] blk.16.attn_output.weight... 9437184 elements at offset 669192704
got 9437184 floats, tiling...
  tiles: 96x12 fout=0x5aac9d4011b0
  blk.16.attn_output.weight                          3072x3072 -> 5760 KB
  [37/130] blk.16.attn_qkv.weight... 28311552 elements at offset 674501120
got 28311552 floats, tiling...
  tiles: 288x12 fout=0x5aac9d4011b0
  blk.16.attn_qkv.weight                             9216x3072 -> 17280 KB
  [38/130] blk.17.ffn_down.weight... 25165824 elements at offset 693977600
got 25165824 floats, tiling...
  tiles: 96x32 fout=0x5aac9d4011b0
  blk.17.ffn_down.weight                             3072x8192 -> 15360 KB
  [39/130] blk.17.ffn_up.weight... 50331648 elements at offset 714621440
got 50331648 floats, tiling...
  tiles: 512x12 fout=0x5aac9d4011b0
  blk.17.ffn_up.weight                               16384x3072 -> 30720 KB
  [40/130] blk.17.attn_output.weight... 9437184 elements at offset 742945280
got 9437184 floats, tiling...
  tiles: 96x12 fout=0x5aac9d4011b0
  blk.17.attn_output.weight                          3072x3072 -> 5760 KB
  [41/130] blk.17.attn_qkv.weight... 28311552 elements at offset 748253696
got 28311552 floats, tiling...
  tiles: 288x12 fout=0x5aac9d4011b0
  blk.17.attn_qkv.weight                             9216x3072 -> 17280 KB
  [42/130] blk.18.ffn_down.weight... 25165824 elements at offset 767730176
got 25165824 floats, tiling...
  tiles: 96x32 fout=0x5aac9d4011b0
  blk.18.ffn_down.weight                             3072x8192 -> 15360 KB
  [43/130] blk.18.ffn_up.weight... 50331648 elements at offset 781885952
got 50331648 floats, tiling...
  tiles: 512x12 fout=0x5aac9d4011b0
  blk.18.ffn_up.weight                               16384x3072 -> 30720 KB
  [44/130] blk.18.attn_output.weight... 9437184 elements at offset 810209792
got 9437184 floats, tiling...
  tiles: 96x12 fout=0x5aac9d4011b0
  blk.18.attn_output.weight                          3072x3072 -> 5760 KB
  [45/130] blk.18.attn_qkv.weight... 28311552 elements at offset 815518208
got 28311552 floats, tiling...
  tiles: 288x12 fout=0x5aac9d4011b0
  blk.18.attn_qkv.weight                             9216x3072 -> 17280 KB
  [46/130] blk.19.ffn_down.weight... 25165824 elements at offset 834994688
got 25165824 floats, tiling...
  tiles: 96x32 fout=0x5aac9d4011b0
  blk.19.ffn_down.weight                             3072x8192 -> 15360 KB
  [47/130] blk.19.ffn_up.weight... 50331648 elements at offset 849150464
got 50331648 floats, tiling...
  tiles: 512x12 fout=0x5aac9d4011b0
  blk.19.ffn_up.weight                               16384x3072 -> 30720 KB
  [48/130] blk.19.attn_output.weight... 9437184 elements at offset 877474304
got 9437184 floats, tiling...
  tiles: 96x12 fout=0x5aac9d4011b0
  blk.19.attn_output.weight                          3072x3072 -> 5760 KB
  [49/130] blk.19.attn_qkv.weight... 28311552 elements at offset 882782720
got 28311552 floats, tiling...
  tiles: 288x12 fout=0x5aac9d4011b0
  blk.19.attn_qkv.weight                             9216x3072 -> 17280 KB
  [50/130] blk.2.ffn_down.weight... 25165824 elements at offset 902259200
got 25165824 floats, tiling...
  tiles: 96x32 fout=0x5aac9d4011b0
  blk.2.ffn_down.weight                              3072x8192 -> 15360 KB
  [51/130] blk.2.ffn_up.weight... 50331648 elements at offset 922903040
got 50331648 floats, tiling...
  tiles: 512x12 fout=0x5aac9d4011b0
  blk.2.ffn_up.weight                                16384x3072 -> 30720 KB
  [52/130] blk.2.attn_output.weight... 9437184 elements at offset 951226880
got 9437184 floats, tiling...
  tiles: 96x12 fout=0x5aac9d4011b0
  blk.2.attn_output.weight                           3072x3072 -> 5760 KB
  [53/130] blk.2.attn_qkv.weight... 28311552 elements at offset 956535296
got 28311552 floats, tiling...
  tiles: 288x12 fout=0x5aac9d4011b0
  blk.2.attn_qkv.weight                              9216x3072 -> 17280 KB
  [54/130] blk.20.ffn_down.weight... 25165824 elements at offset 976011776
got 25165824 floats, tiling...
  tiles: 96x32 fout=0x5aac9d4011b0
  blk.20.ffn_down.weight                             3072x8192 -> 15360 KB
  [55/130] blk.20.ffn_up.weight... 50331648 elements at offset 990167552
got 50331648 floats, tiling...
  tiles: 512x12 fout=0x5aac9d4011b0
  blk.20.ffn_up.weight                               16384x3072 -> 30720 KB
  [56/130] blk.20.attn_output.weight... 9437184 elements at offset 1018491392
got 9437184 floats, tiling...
  tiles: 96x12 fout=0x5aac9d4011b0
  blk.20.attn_output.weight                          3072x3072 -> 5760 KB
  [57/130] blk.20.attn_qkv.weight... 28311552 elements at offset 1023799808
got 28311552 floats, tiling...
  tiles: 288x12 fout=0x5aac9d4011b0
  blk.20.attn_qkv.weight                             9216x3072 -> 17280 KB
  [58/130] blk.21.attn_output.weight... 9437184 elements at offset 1043264000
got 9437184 floats, tiling...
  tiles: 96x12 fout=0x5aac9d4011b0
  blk.21.attn_output.weight                          3072x3072 -> 5760 KB
  [59/130] blk.3.ffn_down.weight... 25165824 elements at offset 1048584704
got 25165824 floats, tiling...
  tiles: 96x32 fout=0x5aac9d4011b0
  blk.3.ffn_down.weight                              3072x8192 -> 15360 KB
  [60/130] blk.3.ffn_up.weight... 50331648 elements at offset 1062740480
got 50331648 floats, tiling...
  tiles: 512x12 fout=0x5aac9d4011b0
  blk.3.ffn_up.weight                                16384x3072 -> 30720 KB
  [61/130] blk.3.attn_output.weight... 9437184 elements at offset 1091064320
got 9437184 floats, tiling...
  tiles: 96x12 fout=0x5aac9d4011b0
  blk.3.attn_output.weight                           3072x3072 -> 5760 KB
  [62/130] blk.3.attn_qkv.weight... 28311552 elements at offset 1096372736
got 28311552 floats, tiling...
  tiles: 288x12 fout=0x5aac9d4011b0
  blk.3.attn_qkv.weight                              9216x3072 -> 17280 KB
  [63/130] blk.4.ffn_down.weight... 25165824 elements at offset 1115849216
got 25165824 floats, tiling...
  tiles: 96x32 fout=0x5aac9d4011b0
  blk.4.ffn_down.weight                              3072x8192 -> 15360 KB
  [64/130] blk.4.ffn_up.weight... 50331648 elements at offset 1136493056
got 50331648 floats, tiling...
  tiles: 512x12 fout=0x5aac9d4011b0
  blk.4.ffn_up.weight                                16384x3072 -> 30720 KB
  [65/130] blk.4.attn_output.weight... 9437184 elements at offset 1164816896
got 9437184 floats, tiling...
  tiles: 96x12 fout=0x5aac9d4011b0
  blk.4.attn_output.weight                           3072x3072 -> 5760 KB
  [66/130] blk.4.attn_qkv.weight... 28311552 elements at offset 1170125312
got 28311552 floats, tiling...
  tiles: 288x12 fout=0x5aac9d4011b0
  blk.4.attn_qkv.weight                              9216x3072 -> 17280 KB
  [67/130] blk.5.ffn_down.weight... 25165824 elements at offset 1189601792
got 25165824 floats, tiling...
  tiles: 96x32 fout=0x5aac9d4011b0
  blk.5.ffn_down.weight                              3072x8192 -> 15360 KB
  [68/130] blk.5.ffn_up.weight... 50331648 elements at offset 1203757568
got 50331648 floats, tiling...
  tiles: 512x12 fout=0x5aac9d4011b0
  blk.5.ffn_up.weight                                16384x3072 -> 30720 KB
  [69/130] blk.5.attn_output.weight... 9437184 elements at offset 1232081408
got 9437184 floats, tiling...
  tiles: 96x12 fout=0x5aac9d4011b0
  blk.5.attn_output.weight                           3072x3072 -> 5760 KB
  [70/130] blk.5.attn_qkv.weight... 28311552 elements at offset 1237389824
got 28311552 floats, tiling...
  tiles: 288x12 fout=0x5aac9d4011b0
  blk.5.attn_qkv.weight                              9216x3072 -> 17280 KB
  [71/130] blk.6.ffn_down.weight... 25165824 elements at offset 1256866304
got 25165824 floats, tiling...
  tiles: 96x32 fout=0x5aac9d4011b0
  blk.6.ffn_down.weight                              3072x8192 -> 15360 KB
  [72/130] blk.6.ffn_up.weight... 50331648 elements at offset 1271022080
got 50331648 floats, tiling...
  tiles: 512x12 fout=0x5aac9d4011b0
  blk.6.ffn_up.weight                                16384x3072 -> 30720 KB
  [73/130] blk.6.attn_output.weight... 9437184 elements at offset 1299345920
got 9437184 floats, tiling...
  tiles: 96x12 fout=0x5aac9d4011b0
  blk.6.attn_output.weight                           3072x3072 -> 5760 KB
  [74/130] blk.6.attn_qkv.weight... 28311552 elements at offset 1304654336
got 28311552 floats, tiling...
  tiles: 288x12 fout=0x5aac9d4011b0
  blk.6.attn_qkv.weight                              9216x3072 -> 17280 KB
  [75/130] blk.7.ffn_down.weight... 25165824 elements at offset 1324130816
got 25165824 floats, tiling...
  tiles: 96x32 fout=0x5aac9d4011b0
  blk.7.ffn_down.weight                              3072x8192 -> 15360 KB
  [76/130] blk.7.ffn_up.weight... 50331648 elements at offset 1344774656
got 50331648 floats, tiling...
  tiles: 512x12 fout=0x5aac9d4011b0
  blk.7.ffn_up.weight                                16384x3072 -> 30720 KB
  [77/130] blk.7.attn_output.weight... 9437184 elements at offset 1373098496
got 9437184 floats, tiling...
  tiles: 96x12 fout=0x5aac9d4011b0
  blk.7.attn_output.weight                           3072x3072 -> 5760 KB
  [78/130] blk.7.attn_qkv.weight... 28311552 elements at offset 1378406912
got 28311552 floats, tiling...
  tiles: 288x12 fout=0x5aac9d4011b0
  blk.7.attn_qkv.weight                              9216x3072 -> 17280 KB
  [79/130] blk.8.ffn_down.weight... 25165824 elements at offset 1397883392
got 25165824 floats, tiling...
  tiles: 96x32 fout=0x5aac9d4011b0
  blk.8.ffn_down.weight                              3072x8192 -> 15360 KB
  [80/130] blk.8.ffn_up.weight... 50331648 elements at offset 1412039168
got 50331648 floats, tiling...
  tiles: 512x12 fout=0x5aac9d4011b0
  blk.8.ffn_up.weight                                16384x3072 -> 30720 KB
  [81/130] blk.8.attn_output.weight... 9437184 elements at offset 1440363008
got 9437184 floats, tiling...
  tiles: 96x12 fout=0x5aac9d4011b0
  blk.8.attn_output.weight                           3072x3072 -> 5760 KB
  [82/130] blk.8.attn_qkv.weight... 28311552 elements at offset 1445671424
got 28311552 floats, tiling...
  tiles: 288x12 fout=0x5aac9d4011b0
  blk.8.attn_qkv.weight                              9216x3072 -> 17280 KB
  [83/130] blk.9.ffn_down.weight... 25165824 elements at offset 1465147904
got 25165824 floats, tiling...
  tiles: 96x32 fout=0x5aac9d4011b0
  blk.9.ffn_down.weight                              3072x8192 -> 15360 KB
  [84/130] blk.9.ffn_up.weight... 50331648 elements at offset 1479303680
got 50331648 floats, tiling...
  tiles: 512x12 fout=0x5aac9d4011b0
  blk.9.ffn_up.weight                                16384x3072 -> 30720 KB
  [85/130] blk.9.attn_output.weight... 9437184 elements at offset 1507627520
got 9437184 floats, tiling...
  tiles: 96x12 fout=0x5aac9d4011b0
  blk.9.attn_output.weight                           3072x3072 -> 5760 KB
  [86/130] blk.9.attn_qkv.weight... 28311552 elements at offset 1512935936
got 28311552 floats, tiling...
  tiles: 288x12 fout=0x5aac9d4011b0
  blk.9.attn_qkv.weight                              9216x3072 -> 17280 KB
  [87/130] output.weight... 98500608 elements at offset 1532400128
got 98500608 floats, tiling...
  tiles: 1002x12 fout=0x5aac9d4011b0
  output.weight                                      32064x3072 -> 60120 KB
  [88/130] blk.21.ffn_down.weight... 25165824 elements at offset 1613213696
got 25165824 floats, tiling...
  tiles: 96x32 fout=0x5aac9d4011b0
  blk.21.ffn_down.weight                             3072x8192 -> 15360 KB
  [89/130] blk.21.ffn_up.weight... 50331648 elements at offset 1633857536
got 50331648 floats, tiling...
  tiles: 512x12 fout=0x5aac9d4011b0
  blk.21.ffn_up.weight                               16384x3072 -> 30720 KB
  [90/130] blk.21.attn_qkv.weight... 28311552 elements at offset 1662181376
got 28311552 floats, tiling...
  tiles: 288x12 fout=0x5aac9d4011b0
  blk.21.attn_qkv.weight                             9216x3072 -> 17280 KB
  [91/130] blk.22.ffn_down.weight... 25165824 elements at offset 1681657856
got 25165824 floats, tiling...
  tiles: 96x32 fout=0x5aac9d4011b0
  blk.22.ffn_down.weight                             3072x8192 -> 15360 KB
  [92/130] blk.22.ffn_up.weight... 50331648 elements at offset 1695813632
got 50331648 floats, tiling...
  tiles: 512x12 fout=0x5aac9d4011b0
  blk.22.ffn_up.weight                               16384x3072 -> 30720 KB
  [93/130] blk.22.attn_output.weight... 9437184 elements at offset 1724137472
got 9437184 floats, tiling...
  tiles: 96x12 fout=0x5aac9d4011b0
  blk.22.attn_output.weight                          3072x3072 -> 5760 KB
  [94/130] blk.22.attn_qkv.weight... 28311552 elements at offset 1729445888
got 28311552 floats, tiling...
  tiles: 288x12 fout=0x5aac9d4011b0
  blk.22.attn_qkv.weight                             9216x3072 -> 17280 KB
  [95/130] blk.23.ffn_down.weight... 25165824 elements at offset 1748922368
got 25165824 floats, tiling...
  tiles: 96x32 fout=0x5aac9d4011b0
  blk.23.ffn_down.weight                             3072x8192 -> 15360 KB
  [96/130] blk.23.ffn_up.weight... 50331648 elements at offset 1763078144
got 50331648 floats, tiling...
  tiles: 512x12 fout=0x5aac9d4011b0
  blk.23.ffn_up.weight                               16384x3072 -> 30720 KB
  [97/130] blk.23.attn_output.weight... 9437184 elements at offset 1791401984
got 9437184 floats, tiling...
  tiles: 96x12 fout=0x5aac9d4011b0
  blk.23.attn_output.weight                          3072x3072 -> 5760 KB
  [98/130] blk.23.attn_qkv.weight... 28311552 elements at offset 1796710400
got 28311552 floats, tiling...
  tiles: 288x12 fout=0x5aac9d4011b0
  blk.23.attn_qkv.weight                             9216x3072 -> 17280 KB
  [99/130] blk.24.ffn_down.weight... 25165824 elements at offset 1816186880
got 25165824 floats, tiling...
  tiles: 96x32 fout=0x5aac9d4011b0
  blk.24.ffn_down.weight                             3072x8192 -> 15360 KB
  [100/130] blk.24.ffn_up.weight... 50331648 elements at offset 1836830720
got 50331648 floats, tiling...
  tiles: 512x12 fout=0x5aac9d4011b0
  blk.24.ffn_up.weight                               16384x3072 -> 30720 KB
  [101/130] blk.24.attn_output.weight... 9437184 elements at offset 1865154560
got 9437184 floats, tiling...
  tiles: 96x12 fout=0x5aac9d4011b0
  blk.24.attn_output.weight                          3072x3072 -> 5760 KB
  [102/130] blk.24.attn_qkv.weight... 28311552 elements at offset 1870462976
got 28311552 floats, tiling...
  tiles: 288x12 fout=0x5aac9d4011b0
  blk.24.attn_qkv.weight                             9216x3072 -> 17280 KB
  [103/130] blk.25.ffn_down.weight... 25165824 elements at offset 1889939456
got 25165824 floats, tiling...
  tiles: 96x32 fout=0x5aac9d4011b0
  blk.25.ffn_down.weight                             3072x8192 -> 15360 KB
  [104/130] blk.25.ffn_up.weight... 50331648 elements at offset 1904095232
got 50331648 floats, tiling...
  tiles: 512x12 fout=0x5aac9d4011b0
  blk.25.ffn_up.weight                               16384x3072 -> 30720 KB
  [105/130] blk.25.attn_output.weight... 9437184 elements at offset 1932419072
got 9437184 floats, tiling...
  tiles: 96x12 fout=0x5aac9d4011b0
  blk.25.attn_output.weight                          3072x3072 -> 5760 KB
  [106/130] blk.25.attn_qkv.weight... 28311552 elements at offset 1937727488
got 28311552 floats, tiling...
  tiles: 288x12 fout=0x5aac9d4011b0
  blk.25.attn_qkv.weight                             9216x3072 -> 17280 KB
  [107/130] blk.26.ffn_down.weight... 25165824 elements at offset 1957203968
got 25165824 floats, tiling...
  tiles: 96x32 fout=0x5aac9d4011b0
  blk.26.ffn_down.weight                             3072x8192 -> 15360 KB
  [108/130] blk.26.ffn_up.weight... 50331648 elements at offset 1971359744
got 50331648 floats, tiling...
  tiles: 512x12 fout=0x5aac9d4011b0
  blk.26.ffn_up.weight                               16384x3072 -> 30720 KB
  [109/130] blk.26.attn_output.weight... 9437184 elements at offset 1999683584
got 9437184 floats, tiling...
  tiles: 96x12 fout=0x5aac9d4011b0
  blk.26.attn_output.weight                          3072x3072 -> 5760 KB
  [110/130] blk.26.attn_qkv.weight... 28311552 elements at offset 2004992000
got 28311552 floats, tiling...
  tiles: 288x12 fout=0x5aac9d4011b0
  blk.26.attn_qkv.weight                             9216x3072 -> 17280 KB
  [111/130] blk.27.ffn_down.weight... 25165824 elements at offset 2024468480
got 25165824 floats, tiling...
  tiles: 96x32 fout=0x5aac9d4011b0
  blk.27.ffn_down.weight                             3072x8192 -> 15360 KB
  [112/130] blk.27.ffn_up.weight... 50331648 elements at offset 2045112320
got 50331648 floats, tiling...
  tiles: 512x12 fout=0x5aac9d4011b0
  blk.27.ffn_up.weight                               16384x3072 -> 30720 KB
  [113/130] blk.27.attn_output.weight... 9437184 elements at offset 2073436160
got 9437184 floats, tiling...
  tiles: 96x12 fout=0x5aac9d4011b0
  blk.27.attn_output.weight                          3072x3072 -> 5760 KB
  [114/130] blk.27.attn_qkv.weight... 28311552 elements at offset 2078744576
got 28311552 floats, tiling...
  tiles: 288x12 fout=0x5aac9d4011b0
  blk.27.attn_qkv.weight                             9216x3072 -> 17280 KB
  [115/130] blk.28.ffn_down.weight... 25165824 elements at offset 2098221056
got 25165824 floats, tiling...
  tiles: 96x32 fout=0x5aac9d4011b0
  blk.28.ffn_down.weight                             3072x8192 -> 15360 KB
  [116/130] blk.28.ffn_up.weight... 50331648 elements at offset 2118864896
got 50331648 floats, tiling...
  tiles: 512x12 fout=0x5aac9d4011b0
  blk.28.ffn_up.weight                               16384x3072 -> 30720 KB
  [117/130] blk.28.attn_output.weight... 9437184 elements at offset 2147188736
got 9437184 floats, tiling...
  tiles: 96x12 fout=0x5aac9d4011b0
  blk.28.attn_output.weight                          3072x3072 -> 5760 KB
  [118/130] blk.28.attn_qkv.weight... 28311552 elements at offset 2152497152
got 28311552 floats, tiling...
  tiles: 288x12 fout=0x5aac9d4011b0
  blk.28.attn_qkv.weight                             9216x3072 -> 17280 KB
  [119/130] blk.29.ffn_down.weight... 25165824 elements at offset 2171973632
got 25165824 floats, tiling...
  tiles: 96x32 fout=0x5aac9d4011b0
  blk.29.ffn_down.weight                             3072x8192 -> 15360 KB
  [120/130] blk.29.ffn_up.weight... 50331648 elements at offset 2192617472
got 50331648 floats, tiling...
  tiles: 512x12 fout=0x5aac9d4011b0
  blk.29.ffn_up.weight                               16384x3072 -> 30720 KB
  [121/130] blk.29.attn_output.weight... 9437184 elements at offset 2220941312
got 9437184 floats, tiling...
  tiles: 96x12 fout=0x5aac9d4011b0
  blk.29.attn_output.weight                          3072x3072 -> 5760 KB
  [122/130] blk.29.attn_qkv.weight... 28311552 elements at offset 2226249728
got 28311552 floats, tiling...
  tiles: 288x12 fout=0x5aac9d4011b0
  blk.29.attn_qkv.weight                             9216x3072 -> 17280 KB
  [123/130] blk.30.ffn_down.weight... 25165824 elements at offset 2245726208
got 25165824 floats, tiling...
  tiles: 96x32 fout=0x5aac9d4011b0
  blk.30.ffn_down.weight                             3072x8192 -> 15360 KB
  [124/130] blk.30.ffn_up.weight... 50331648 elements at offset 2266370048
got 50331648 floats, tiling...
  tiles: 512x12 fout=0x5aac9d4011b0
  blk.30.ffn_up.weight                               16384x3072 -> 30720 KB
  [125/130] blk.30.attn_output.weight... 9437184 elements at offset 2294693888
got 9437184 floats, tiling...
  tiles: 96x12 fout=0x5aac9d4011b0
  blk.30.attn_output.weight                          3072x3072 -> 5760 KB
  [126/130] blk.30.attn_qkv.weight... 28311552 elements at offset 2300002304
got 28311552 floats, tiling...
  tiles: 288x12 fout=0x5aac9d4011b0
  blk.30.attn_qkv.weight                             9216x3072 -> 17280 KB
  [127/130] blk.31.ffn_down.weight... 25165824 elements at offset 2319478784
got 25165824 floats, tiling...
  tiles: 96x32 fout=0x5aac9d4011b0
  blk.31.ffn_down.weight                             3072x8192 -> 15360 KB
  [128/130] blk.31.ffn_up.weight... 50331648 elements at offset 2340122624
got 50331648 floats, tiling...
  tiles: 512x12 fout=0x5aac9d4011b0
  blk.31.ffn_up.weight                               16384x3072 -> 30720 KB
  [129/130] blk.31.attn_output.weight... 9437184 elements at offset 2368446464
got 9437184 floats, tiling...
  tiles: 96x12 fout=0x5aac9d4011b0
  blk.31.attn_output.weight                          3072x3072 -> 5760 KB
  [130/130] blk.31.attn_qkv.weight... 28311552 elements at offset 2373754880
got 28311552 floats, tiling...
  tiles: 288x12 fout=0x5aac9d4011b0
  blk.31.attn_qkv.weight                             9216x3072 -> 17280 KB

=== DONE: models/Phi-3-mini/Phi-3-mini-4k-instruct.1bp (2277.4 MB) in 20 seconds ===
