Reading models/laguna-s-2.1/laguna-s-2.1-Q4_K_M.gguf...
Model: laguna arch_enum=6 H=3072 L=48 NH=72 NKV=8 HD=128 IM=12288 V=100352
  Experts: 256 routed, top-10, shared_ff=1024, dense_lead=1
  SWA: window=512, period=4
  Attn gate: per-head
  RoPE: base=500000.0, swa_base=10000.0, swa_rot=128
Quant: TQ2 (2-bit symmetric ternary)
Arch enum: 6 (laguna), header size: 256 bytes
Tensors: 814 (0 skipped), data: 36740.3 MB
Writing 814 tensors (this may take a while)...
  [1/814] output.weight: ndim=2 dims=[100352, 3072] (96 MB written)
  [2/814] output_norm.weight: ndim=1 dims=[3072] (96 MB written)
  [3/814] token_embd.weight: ndim=2 dims=[100352, 3072] (193 MB written)
  [4/814] blk.0.attn_gate.weight: ndim=2 dims=[48, 3072] (193 MB written)
  [5/814] blk.0.attn_k.weight: ndim=2 dims=[1024, 3072] (194 MB written)
  [200/814] blk.11.ffn_norm.weight: ndim=1 dims=[3072] (8535 MB written)
  [400/814] blk.23.ffn_down_shexp.weight: ndim=2 dims=[3072, 1024] (17600 MB written)
  [600/814] blk.35.attn_q_norm.weight: ndim=1 dims=[128] (26664 MB written)
  [800/814] blk.47.attn_k_norm.weight: ndim=1 dims=[128] (35963 MB written)

Done: models/laguna-s-2.1/laguna-s-2.1-TQ2.1bp (36740.4 MB)
